// Jest Snapshot v1, https://goo.gl/fbAQLP

exports[`Blog post page renders correctly 1`] = `
<Layout>
  <article>
    <header>
      <h2
        className="title is-4 has-text-centered"
      >
        test-title
      </h2>
    </header>
    <section
      className="blog-post"
    >
      <Markdown
        text="test-body"
      />
    </section>
  </article>
</Layout>
`;
