// Jest Snapshot v1, https://goo.gl/fbAQLP

exports[`Create page renders correctly 1`] = `
<Layout>
  <article>
    <header>
      <h2
        className="title is-4 has-text-centered"
      >
        New Post
      </h2>
    </header>
    <EditPost />
  </article>
</Layout>
`;
