// Jest Snapshot v1, https://goo.gl/fbAQLP

exports[`Layout renders correctly 1`] = `
<div>
  <Header />
  <main
    className="container"
  >
    <span>
      Child
    </span>
  </main>
</div>
`;
